---
source: crates/engine/tests/fix_pipeline.rs
expression: json
---
[
  {
    "classifier_id": null,
    "confidence": 0.9700000286102295,
    "dry_run": false,
    "input": null,
    "migration_ref": null,
    "original": "GBR",
    "recognition": 1.0,
    "replacement": "USA, GBR",
    "rule": "E002",
    "schema": "marque-mvp-2",
    "source": "BuiltinRule",
    "span": {
      "end": 18,
      "start": 15
    },
    "timestamp": "2023-11-14T22:13:20Z"
  }
]
