---
source: crates/engine/tests/lint_pipeline.rs
expression: json
---
[
  {
    "citation": "CAPCO-2016 §H.8",
    "fix": {
      "confidence": 1.0,
      "migration_ref": null,
      "replacement": "NOFORN",
      "source": "BuiltinRule"
    },
    "message": "banner contains portion mark \"NF\" for an IC dissem control; use banner abbreviation \"NOFORN\"",
    "rule": "E001",
    "severity": "fix",
    "span": {
      "end": 18,
      "start": 16
    }
  }
]
